// Jest Snapshot v1, https://goo.gl/fbAQLP

exports[`button matches snapshot 1`] = `
<button
  className="button"
  type="button"
>
  test button
</button>
`;
