// Jest Snapshot v1, https://goo.gl/fbAQLP

exports[`Question matches snapshot 1`] = `
<div
  className="question"
>
  さくらが歩く。
</div>
`;
